###############################################################################
#
# IAR ELF Linker V9.30.1.335/W64 for ARM                  23/Dec/2023  19:07:17
# Copyright 2007-2022 IAR Systems AB.
#
#    Output file  =  D:\Embedded Systems\lifi - Copy\Debug\Exe\LIFIv1.out
#    Map file     =  D:\Embedded Systems\lifi - Copy\Debug\List\LIFIv1.map
#    Command line =
#        -f "D:\Embedded Systems\lifi - Copy\Debug\Exe\LIFIv1.out.rsp"
#        ("D:\Embedded Systems\lifi - Copy\Debug\Obj\bitwise_operation.o"
#        "D:\Embedded Systems\lifi - Copy\Debug\Obj\DIO.o" "D:\Embedded
#        Systems\lifi - Copy\Debug\Obj\fume.o" "D:\Embedded Systems\lifi -
#        Copy\Debug\Obj\magnetic.o" "D:\Embedded Systems\lifi -
#        Copy\Debug\Obj\main.o" "D:\Embedded Systems\lifi -
#        Copy\Debug\Obj\ultrasonicV1.o" --no_out_extension -o "D:\Embedded
#        Systems\lifi - Copy\Debug\Exe\LIFIv1.out" --map "D:\Embedded
#        Systems\lifi - Copy\Debug\List\LIFIv1.map" --config "C:\Program
#        Files\IAR Systems\Embedded Workbench
#        9.1\arm/config/linker/TexasInstruments/TM4C123GH6.icf" --semihosting
#        --entry __iar_program_start --vfe --text_out locale --cpu=Cortex-M4
#        --fpu=VFPv4_sp)
#
###############################################################################

*******************************************************************************
*** RUNTIME MODEL ATTRIBUTES
***

CppFlavor       = *
__CPP_Runtime   = 1
__SystemLibrary = DLib
__dlib_version  = 6


*******************************************************************************
*** HEAP SELECTION
***

The basic heap was selected because --advanced_heap
was not specified and the application did not appear to
be primarily optimized for speed.


*******************************************************************************
*** PLACEMENT SUMMARY
***

"A0":  place at address 0x0 { ro section .intvec };
"P1":  place in [from 0x0 to 0x3'ffff] { ro };
define block CSTACK with size = 4K, alignment = 8 { };
define block HEAP with size = 8K, alignment = 8 { };
"P2":  place in [from 0x2000'0000 to 0x2000'7fff] {
          rw, block CSTACK, block HEAP };

  Section          Kind         Address    Size  Object
  -------          ----         -------    ----  ------
"A0":                                      0x40
  .intvec          ro code          0x0    0x40  vector_table_M.o [4]
                                 - 0x40    0x40

"P1":                                     0x92c
  .text            ro code         0x40   0x278  ultrasonicV1.o [1]
  .text            ro code        0x2b8     0xc  bitwise_operation.o [1]
  .text            ro code        0x2c4   0x1b4  main.o [1]
  .text            ro code        0x478    0x84  fume.o [1]
  .text            ro code        0x4fc    0x40  magnetic.o [1]
  .text            ro code        0x53c    0x40  sprintf.o [2]
  .text            ro code        0x57c   0x114  DIO.o [1]
  .text            ro code        0x690   0x13c  xprintftiny.o [2]
  .text            ro code        0x7cc    0x36  strlen.o [4]
  .text            ro code        0x802    0x38  zero_init3.o [4]
  .text            ro code        0x83a     0xa  xsprout.o [2]
  .text            ro code        0x844    0x28  data_init.o [4]
  .text            ro code        0x86c    0x22  fpinit_M.o [3]
  .iar.init_table  const          0x890    0x10  - Linker created -
  .text            ro code        0x8a0     0x2  vectortrap_M.o [4]
  .text            ro code        0x8a4    0x1e  cmain.o [4]
  .text            ro code        0x8c2     0x4  low_level_init.o [2]
  .text            ro code        0x8c6     0x4  exit.o [2]
  .text            ro code        0x8cc     0xa  cexit.o [4]
  .text            ro code        0x8d8    0x14  exit.o [5]
  .text            ro code        0x8ec    0x1c  cstartup_M.o [4]
  .rodata          const          0x908    0x14  main.o [1]
  .rodata          const          0x91c    0x10  main.o [1]
  .rodata          const          0x92c    0x10  main.o [1]
  .rodata          const          0x93c    0x10  main.o [1]
  .rodata          const          0x94c    0x10  main.o [1]
  .rodata          const          0x95c    0x10  main.o [1]
  .rodata          const          0x96c     0x0  zero_init3.o [4]
                                - 0x96c   0x92c

"P2", part 1 of 2:                         0x2c
  .bss             zero     0x2000'0000    0x14  main.o [1]
  .bss             zero     0x2000'0014     0x4  main.o [1]
  .bss             zero     0x2000'0018     0x4  main.o [1]
  .bss             zero     0x2000'001c     0x4  main.o [1]
  .bss             zero     0x2000'0020     0x4  main.o [1]
  .bss             zero     0x2000'0024     0x4  main.o [1]
  .bss             zero     0x2000'0028     0x1  main.o [1]
  .bss             zero     0x2000'0029     0x1  main.o [1]
  .bss             zero     0x2000'002a     0x1  main.o [1]
  .bss             zero     0x2000'002b     0x1  main.o [1]
                          - 0x2000'002c    0x2c

"P2", part 2 of 2:                       0x1000
  CSTACK                    0x2000'0030  0x1000  <Block>
    CSTACK         uninit   0x2000'0030  0x1000  <Block tail>
                          - 0x2000'1030  0x1000

Unused ranges:

         From           To      Size
         ----           --      ----
        0x96c     0x3'ffff  0x3'f694
  0x2000'002c  0x2000'002f       0x4
  0x2000'1030  0x2000'7fff    0x6fd0


*******************************************************************************
*** INIT TABLE
***

          Address      Size
          -------      ----
Zero (__iar_zero_init3)
    1 destination range, total size 0x2c:
          0x2000'0000  0x2c



*******************************************************************************
*** MODULE SUMMARY
***

    Module               ro code  ro data  rw data
    ------               -------  -------  -------
command line/config:
    ----------------------------------------------
    Total:

D:\Embedded Systems\lifi - Copy\Debug\Obj: [1]
    DIO.o                    276
    bitwise_operation.o       12
    fume.o                   132
    magnetic.o                64
    main.o                   436      100       44
    ultrasonicV1.o           632
    ----------------------------------------------
    Total:                 1'552      100       44

dl7M_tln.a: [2]
    exit.o                     4
    low_level_init.o           4
    sprintf.o                 64
    xprintftiny.o            316
    xsprout.o                 10
    ----------------------------------------------
    Total:                   398

m7M_tls.a: [3]
    fpinit_M.o                34
    ----------------------------------------------
    Total:                    34

rt7M_tl.a: [4]
    cexit.o                   10
    cmain.o                   30
    cstartup_M.o              28
    data_init.o               40
    strlen.o                  54
    vector_table_M.o          64
    vectortrap_M.o             2
    zero_init3.o              56
    ----------------------------------------------
    Total:                   284

shb_l.a: [5]
    exit.o                    20
    ----------------------------------------------
    Total:                    20

    Gaps                       6        2
    Linker created                     16    4'096
--------------------------------------------------
    Grand Total:           2'294      118    4'140


*******************************************************************************
*** ENTRY LIST
***

Entry                       Address   Size  Type      Object
-----                       -------   ----  ----      ------
.iar.init_table$$Base         0x890          --   Gb  - Linker created -
.iar.init_table$$Limit        0x8a0          --   Gb  - Linker created -
?main                         0x8a5         Code  Gb  cmain.o [4]
Bluetooth_Write               0x1e1   0x10  Code  Gb  ultrasonicV1.o [1]
Bluetooth_Write_String        0x28d   0x16  Code  Gb  ultrasonicV1.o [1]
BusFault_Handler              0x8a1         Code  Wk  vectortrap_M.o [4]
CSTACK$$Base            0x2000'0030          --   Gb  - Linker created -
CSTACK$$Limit           0x2000'1030          --   Gb  - Linker created -
DIO_Init                      0x57d   0xd8  Code  Gb  DIO.o [1]
DebugMon_Handler              0x8a1         Code  Wk  vectortrap_M.o [4]
Delay                         0x2a3   0x16  Code  Gb  ultrasonicV1.o [1]
Delay_MicroSecond             0x117   0x48  Code  Gb  ultrasonicV1.o [1]
FlagF                   0x2000'002a    0x1  Data  Gb  main.o [1]
FlagM                   0x2000'002b    0x1  Data  Gb  main.o [1]
FlagU                   0x2000'0029    0x1  Data  Gb  main.o [1]
FumeInit                      0x479   0x5c  Code  Gb  fume.o [1]
GET_BIT                       0x2b9    0xc  Code  Gb  bitwise_operation.o [1]
HardFault_Handler             0x8a1         Code  Wk  vectortrap_M.o [4]
Measure_distance               0x41   0x52  Code  Gb  ultrasonicV1.o [1]
MemManage_Handler             0x8a1         Code  Wk  vectortrap_M.o [4]
NMI_Handler                   0x8a1         Code  Wk  vectortrap_M.o [4]
PendSV_Handler                0x8a1         Code  Wk  vectortrap_M.o [4]
Region$$Table$$Base           0x890          --   Gb  - Linker created -
Region$$Table$$Limit          0x8a0          --   Gb  - Linker created -
SVC_Handler                   0x8a1         Code  Wk  vectortrap_M.o [4]
SysTick_Handler               0x8a1         Code  Wk  vectortrap_M.o [4]
TimeF                   0x2000'0024    0x4  Data  Gb  main.o [1]
TimeM                   0x2000'0020    0x4  Data  Gb  main.o [1]
TimeU                   0x2000'001c    0x4  Data  Gb  main.o [1]
Timer0ACapture_init            0x93   0x84  Code  Gb  ultrasonicV1.o [1]
UART5_init                    0x189   0x58  Code  Gb  ultrasonicV1.o [1]
UsageFault_Handler            0x8a1         Code  Wk  vectortrap_M.o [4]
_PrintfTiny                   0x6a9  0x124  Code  Gb  xprintftiny.o [2]
_SProut                       0x83b    0xa  Code  Gb  xsprout.o [2]
__cmain                       0x8a5         Code  Gb  cmain.o [4]
__exit                        0x8d9   0x14  Code  Gb  exit.o [5]
__iar_data_init3              0x845   0x28  Code  Gb  data_init.o [4]
__iar_init_vfp                0x86d         Code  Gb  fpinit_M.o [3]
__iar_program_start           0x8ed         Code  Gb  cstartup_M.o [4]
__iar_zero_init3              0x803   0x38  Code  Gb  zero_init3.o [4]
__low_level_init              0x8c3    0x4  Code  Gb  low_level_init.o [2]
__vector_table                  0x0         Data  Gb  vector_table_M.o [4]
_call_main                    0x8b1         Code  Gb  cmain.o [4]
_exit                         0x8cd         Code  Gb  cexit.o [4]
delay_ms                      0x15f   0x2a  Code  Gb  ultrasonicV1.o [1]
distance                0x2000'0018    0x4  Data  Gb  main.o [1]
exit                          0x8c7    0x4  Code  Gb  exit.o [2]
get_magnetic_status           0x521    0xc  Code  Gb  magnetic.o [1]
magneticInit                  0x4fd   0x24  Code  Gb  magnetic.o [1]
main                          0x2c5  0x1b4  Code  Gb  main.o [1]
mesg                    0x2000'0000   0x14  Data  Gb  main.o [1]
out                           0x691   0x18  Code  Lc  xprintftiny.o [2]
sprintf                       0x53d   0x40  Code  Gb  sprintf.o [2]
status                  0x2000'0028    0x1  Data  Gb  main.o [1]
strlen                        0x7cd         Code  Gb  strlen.o [4]
time                    0x2000'0014    0x4  Data  Gb  main.o [1]


[1] = D:\Embedded Systems\lifi - Copy\Debug\Obj
[2] = dl7M_tln.a
[3] = m7M_tls.a
[4] = rt7M_tl.a
[5] = shb_l.a

  2'294 bytes of readonly  code memory
    118 bytes of readonly  data memory
  4'140 bytes of readwrite data memory

Errors: none
Warnings: none
