###############################################################################
#
# IAR ELF Linker V9.30.1.335/W64 for ARM                  17/Dec/2023  19:51:55
# Copyright 2007-2022 IAR Systems AB.
#
#    Output file  =  D:\Embedded Systems\lifi\Debug\Exe\LIFIv1.out
#    Map file     =  D:\Embedded Systems\lifi\Debug\List\LIFIv1.map
#    Command line =
#        -f "D:\Embedded Systems\lifi\Debug\Exe\LIFIv1.out.rsp" ("D:\Embedded
#        Systems\lifi\Debug\Obj\bitwise_operation.o" "D:\Embedded
#        Systems\lifi\Debug\Obj\DIO.o" "D:\Embedded
#        Systems\lifi\Debug\Obj\fume.o" "D:\Embedded
#        Systems\lifi\Debug\Obj\ultrasonicV1.o" --no_out_extension -o
#        "D:\Embedded Systems\lifi\Debug\Exe\LIFIv1.out" --map "D:\Embedded
#        Systems\lifi\Debug\List\LIFIv1.map" --config "C:\Program Files\IAR
#        Systems\Embedded Workbench
#        9.1\arm/config/linker/TexasInstruments/TM4C123GH6.icf" --semihosting
#        --entry __iar_program_start --vfe --text_out locale --cpu=Cortex-M4
#        --fpu=VFPv4_sp)
#
###############################################################################

*******************************************************************************
*** RUNTIME MODEL ATTRIBUTES
***

CppFlavor       = *
__CPP_Runtime   = 1
__SystemLibrary = DLib
__dlib_version  = 6


*******************************************************************************
*** HEAP SELECTION
***

The basic heap was selected because --advanced_heap
was not specified and the application did not appear to
be primarily optimized for speed.


*******************************************************************************
*** PLACEMENT SUMMARY
***

"A0":  place at address 0x0 { ro section .intvec };
"P1":  place in [from 0x0 to 0x3'ffff] { ro };
define block CSTACK with size = 4K, alignment = 8 { };
define block HEAP with size = 8K, alignment = 8 { };
"P2":  place in [from 0x2000'0000 to 0x2000'7fff] {
          rw, block CSTACK, block HEAP };
initialize by copy { rw };

  Section            Kind         Address    Size  Object
  -------            ----         -------    ----  ------
"A0":                                        0x40
  .intvec            ro code          0x0    0x40  vector_table_M.o [4]
                                   - 0x40    0x40

"P1":                                      0x1eb0
  .text              ro code         0x40   0xe8e  xprintffull_nomb.o [2]
  .text              ro code        0xece    0x2a  copy_init3.o [4]
  .text              ro code        0xef8    0x16  strchr.o [4]
  .text              ro code        0xf0e     0x2  vectortrap_M.o [4]
  .text              ro code        0xf10    0x40  xfail_s.o [2]
  .text              ro code        0xf50    0x36  strlen.o [4]
  .text              ro code        0xf88    0x58  memchr.o [4]
  .text              ro code        0xfe0    0x76  ABImemcpy_unaligned.o [4]
  .text              ro code       0x1058    0x70  frexp.o [3]
  .text              ro code       0x10c8    0x34  DblCmpLe.o [3]
  .text              ro code       0x10fc    0x34  DblCmpGe.o [3]
  .text              ro code       0x1130   0x13a  ldexp.o [3]
  .text              ro code       0x126c    0x36  DblToS32.o [3]
  .text              ro code       0x12a4    0x22  S32ToDbl.o [3]
  .text              ro code       0x12c8   0x24e  DblAddSub.o [3]
  .text              ro code       0x1518   0x246  DblDiv.o [3]
  .text              ro code       0x1760    0x22  DblToU32.o [3]
  .text              ro code       0x1784    0x1c  U32ToDbl.o [3]
  .text              ro code       0x17a0   0x1aa  DblMul.o [3]
  .text              ro code       0x194c   0x230  I64DivMod.o [4]
  .text              ro code       0x1b7c     0x6  abort.o [2]
  .text              ro code       0x1b84     0x2  I64DivZer.o [4]
  .text              ro code       0x1b88    0x14  exit.o [5]
  .text              ro code       0x1b9c    0x7c  iarttio.o [5]
  .text              ro code       0x1c18     0x8  XShttio.o [2]
  .text              ro code       0x1c20   0x120  fume.o [1]
  .text              ro code       0x1d40    0x28  printf.o [2]
  .text              ro code       0x1d68     0xc  bitwise_operation.o [1]
  .text              ro code       0x1d74    0x28  data_init.o [4]
  .text              ro code       0x1d9c    0x22  fpinit_M.o [3]
  .text              ro code       0x1dbe    0x22  iarwrite.o [5]
  .iar.init_table    const         0x1de0    0x14  - Linker created -
  .text              ro code       0x1df4    0x20  putchar.o [2]
  .text              ro code       0x1e14    0x10  write.o [5]
  .text              ro code       0x1e24    0x1e  dwrite.o [5]
  .text              ro code       0x1e42    0x20  iarwstd.o [5]
  .text              ro code       0x1e64    0x1e  cmain.o [4]
  .text              ro code       0x1e82     0x4  low_level_init.o [2]
  .text              ro code       0x1e86     0x4  exit.o [2]
  .text              ro code       0x1e8c     0xa  cexit.o [4]
  .text              ro code       0x1e98    0x1c  cstartup_M.o [4]
  .text              ro code       0x1eb4    0x16  xprout.o [2]
  Initializer bytes  const         0x1ecc    0x10  <for P2-1>
  .rodata            const         0x1edc     0xc  fume.o [1]
  .rodata            const         0x1ee8     0x8  fume.o [1]
  .rodata            const         0x1ef0     0x0  copy_init3.o [4]
                                 - 0x1ef0  0x1eb0

"P2", part 1 of 2:                           0x10
  P2-1                        0x2000'0000     0xd  <Init block>
    .data            inited   0x2000'0000     0x8  XShttio.o [2]
    .bss             inited   0x2000'0008     0x4  xfail_s.o [2]
    .bss             inited   0x2000'000c     0x1  fume.o [1]
                            - 0x2000'000d     0xd

"P2", part 2 of 2:                         0x1000
  CSTACK                      0x2000'0010  0x1000  <Block>
    CSTACK           uninit   0x2000'0010  0x1000  <Block tail>
                            - 0x2000'1010  0x1000

Unused ranges:

         From           To      Size
         ----           --      ----
       0x1ef0     0x3'ffff  0x3'e110
  0x2000'1010  0x2000'7fff    0x6ff0


*******************************************************************************
*** INIT TABLE
***

          Address      Size
          -------      ----
Copy (__iar_copy_init3)
    1 source range, total size 0x10 (123% of destination):
               0x1ecc  0x10
    1 destination range, total size 0xd:
          0x2000'0000   0xd



*******************************************************************************
*** MODULE SUMMARY
***

    Module                 ro code  ro data  rw data
    ------                 -------  -------  -------
command line/config:
    ------------------------------------------------
    Total:

D:\Embedded Systems\lifi\Debug\Obj: [1]
    bitwise_operation.o         12
    fume.o                     288       21        1
    ------------------------------------------------
    Total:                     300       21        1

dl7M_tln.a: [2]
    XShttio.o                    8        8        8
    abort.o                      6
    exit.o                       4
    low_level_init.o             4
    printf.o                    40
    putchar.o                   32
    xfail_s.o                   64        4        4
    xprintffull_nomb.o       3'726
    xprout.o                    22
    ------------------------------------------------
    Total:                   3'906       12       12

m7M_tls.a: [3]
    DblAddSub.o                590
    DblCmpGe.o                  52
    DblCmpLe.o                  52
    DblDiv.o                   582
    DblMul.o                   426
    DblToS32.o                  54
    DblToU32.o                  34
    S32ToDbl.o                  34
    U32ToDbl.o                  28
    fpinit_M.o                  34
    frexp.o                    112
    ldexp.o                    314
    ------------------------------------------------
    Total:                   2'312

rt7M_tl.a: [4]
    ABImemcpy_unaligned.o      118
    I64DivMod.o                560
    I64DivZer.o                  2
    cexit.o                     10
    cmain.o                     30
    copy_init3.o                42
    cstartup_M.o                28
    data_init.o                 40
    memchr.o                    88
    strchr.o                    22
    strlen.o                    54
    vector_table_M.o            64
    vectortrap_M.o               2
    ------------------------------------------------
    Total:                   1'060

shb_l.a: [5]
    dwrite.o                    30
    exit.o                      20
    iarttio.o                  124
    iarwrite.o                  34
    iarwstd.o                   32
    write.o                     16
    ------------------------------------------------
    Total:                     256

    Gaps                        28
    Linker created                       25    4'096
----------------------------------------------------
    Grand Total:             7'862       58    4'109


*******************************************************************************
*** ENTRY LIST
***

Entry                       Address   Size  Type      Object
-----                       -------   ----  ----      ------
.iar.init_table$$Base        0x1de0          --   Gb  - Linker created -
.iar.init_table$$Limit       0x1df4          --   Gb  - Linker created -
?main                        0x1e65         Code  Gb  cmain.o [4]
BusFault_Handler              0xf0f         Code  Wk  vectortrap_M.o [4]
CSTACK$$Base            0x2000'0010          --   Gb  - Linker created -
CSTACK$$Limit           0x2000'1010          --   Gb  - Linker created -
DebugMon_Handler              0xf0f         Code  Wk  vectortrap_M.o [4]
GET_BIT                      0x1d69    0xc  Code  Gb  bitwise_operation.o [1]
HardFault_Handler             0xf0f         Code  Wk  vectortrap_M.o [4]
MemManage_Handler             0xf0f         Code  Wk  vectortrap_M.o [4]
NMI_Handler                   0xf0f         Code  Wk  vectortrap_M.o [4]
PendSV_Handler                0xf0f         Code  Wk  vectortrap_M.o [4]
Region$$Table$$Base          0x1de0          --   Gb  - Linker created -
Region$$Table$$Limit         0x1df4          --   Gb  - Linker created -
SVC_Handler                   0xf0f         Code  Wk  vectortrap_M.o [4]
SysTick_Handler               0xf0f         Code  Wk  vectortrap_M.o [4]
Temperature             0x2000'000c    0x1  Data  Lc  fume.o [1]
UsageFault_Handler            0xf0f         Code  Wk  vectortrap_M.o [4]
_LC                            0x41    0x6  Code  Lc  xprintffull_nomb.o [2]
_LitobFullNoMb                0xcd1  0x114  Code  Lc  xprintffull_nomb.o [2]
_PrintfFullNoMb                0x47  0xc76  Code  Gb  xprintffull_nomb.o [2]
_Prout                       0x1eb5   0x16  Code  Gb  xprout.o [2]
_PutcharsFullNoMb             0xe3d   0x2e  Code  Lc  xprintffull_nomb.o [2]
__aeabi_cdcmple              0x10c9         Code  Gb  DblCmpLe.o [3]
__aeabi_cdrcmple             0x10fd         Code  Gb  DblCmpGe.o [3]
__aeabi_d2iz                 0x126d         Code  Gb  DblToS32.o [3]
__aeabi_d2uiz                0x1761         Code  Gb  DblToU32.o [3]
__aeabi_ddiv                 0x1519         Code  Gb  DblDiv.o [3]
__aeabi_dmul                 0x17a1         Code  Gb  DblMul.o [3]
__aeabi_dsub                 0x1435         Code  Gb  DblAddSub.o [3]
__aeabi_i2d                  0x12a5         Code  Gb  S32ToDbl.o [3]
__aeabi_ldiv0                0x1b85         Code  Gb  I64DivZer.o [4]
__aeabi_ui2d                 0x1785         Code  Gb  U32ToDbl.o [3]
__aeabi_uldivmod             0x194d         Code  Gb  I64DivMod.o [4]
__cmain                      0x1e65         Code  Gb  cmain.o [4]
__dwrite                     0x1e25   0x1e  Code  Gb  dwrite.o [5]
__exit                       0x1b89   0x14  Code  Gb  exit.o [5]
__iar_Fail_s                  0xf11   0x1c  Code  Gb  xfail_s.o [2]
__iar_Memchr                  0xf89         Code  Gb  memchr.o [4]
__iar_Strchr                  0xef9         Code  Gb  strchr.o [4]
__iar_close_ttio             0x1b9d   0x2c  Code  Gb  iarttio.o [5]
__iar_copy_init3              0xecf   0x2a  Code  Gb  copy_init3.o [4]
__iar_data_init3             0x1d75   0x28  Code  Gb  data_init.o [4]
__iar_frexp                  0x1065         Code  Gb  frexp.o [3]
__iar_frexpl                 0x1065         Code  Gb  frexp.o [3]
__iar_get_ttio               0x1bc9   0x4c  Code  Gb  iarttio.o [5]
__iar_init_vfp               0x1d9d         Code  Gb  fpinit_M.o [3]
__iar_ldexp64                0x1131         Code  Gb  ldexp.o [3]
__iar_lookup_ttioh           0x1c19    0x8  Code  Gb  XShttio.o [2]
__iar_program_start          0x1e99         Code  Gb  cstartup_M.o [4]
__iar_scalbln64              0x1131         Code  Gb  ldexp.o [3]
__iar_scalbn64               0x1131         Code  Gb  ldexp.o [3]
__iar_sh_stdout              0x1e43   0x20  Code  Gb  iarwstd.o [5]
__iar_sh_write               0x1dbf   0x22  Code  Gb  iarwrite.o [5]
__iar_softfp___iar_frexp64
                             0x1059         Code  Gb  frexp.o [3]
__iar_softfp_frexp           0x1059         Code  Gb  frexp.o [3]
__iar_softfp_frexpl          0x1059         Code  Gb  frexp.o [3]
__iar_ttio_handles      0x2000'0000    0x8  Data  Lc  XShttio.o [2]
__iar_unaligned_memcpy        0xfe1         Code  Gb  ABImemcpy_unaligned.o [4]
__iar_unaligned_memcpy4
                             0x1001         Code  Gb  ABImemcpy_unaligned.o [4]
__iar_unaligned_memcpy8
                             0x1001         Code  Gb  ABImemcpy_unaligned.o [4]
__low_level_init             0x1e83    0x4  Code  Gb  low_level_init.o [2]
__vector_table                  0x0         Data  Gb  vector_table_M.o [4]
__write                      0x1e15   0x10  Code  Gb  write.o [5]
_call_main                   0x1e71         Code  Gb  cmain.o [4]
_exit                        0x1e8d         Code  Gb  cexit.o [4]
abort                        0x1b7d    0x6  Code  Gb  abort.o [2]
delay_ms                     0x1cc1   0x2a  Code  Gb  fume.o [1]
exit                         0x1e87    0x4  Code  Gb  exit.o [2]
ldexp                        0x1131         Code  Gb  ldexp.o [3]
ldexpl                       0x1131         Code  Gb  ldexp.o [3]
main                         0x1c21   0xa0  Code  Gb  fume.o [1]
memchr                        0xf89         Code  Gb  memchr.o [4]
printf                       0x1d41   0x28  Code  Gb  printf.o [2]
putchar                      0x1df5   0x20  Code  Gb  putchar.o [2]
scalbln                      0x1131         Code  Gb  ldexp.o [3]
scalblnl                     0x1131         Code  Gb  ldexp.o [3]
scalbn                       0x1131         Code  Gb  ldexp.o [3]
scalbnl                      0x1131         Code  Gb  ldexp.o [3]
scale                         0xde5   0x46  Code  Lc  xprintffull_nomb.o [2]
sec_hand                0x2000'0008    0x4  Data  Lc  xfail_s.o [2]
strchr                        0xef9         Code  Gb  strchr.o [4]
strlen                        0xf51         Code  Gb  strlen.o [4]


[1] = D:\Embedded Systems\lifi\Debug\Obj
[2] = dl7M_tln.a
[3] = m7M_tls.a
[4] = rt7M_tl.a
[5] = shb_l.a

  7'862 bytes of readonly  code memory
     58 bytes of readonly  data memory
  4'109 bytes of readwrite data memory

Errors: none
Warnings: none
