###############################################################################
#
# IAR ELF Linker V9.30.1.335/W64 for ARM                  18/Dec/2023  00:59:18
# Copyright 2007-2022 IAR Systems AB.
#
#    Output file  =  D:\Embedded Systems\lifi\Debug\Exe\LIFIv1.out
#    Map file     =  D:\Embedded Systems\lifi\Debug\List\LIFIv1.map
#    Command line =
#        -f "D:\Embedded Systems\lifi\Debug\Exe\LIFIv1.out.rsp" ("D:\Embedded
#        Systems\lifi\Debug\Obj\bitwise_operation.o" "D:\Embedded
#        Systems\lifi\Debug\Obj\DIO.o" "D:\Embedded
#        Systems\lifi\Debug\Obj\fume.o" "D:\Embedded
#        Systems\lifi\Debug\Obj\ultrasonicV1.o" --no_out_extension -o
#        "D:\Embedded Systems\lifi\Debug\Exe\LIFIv1.out" --map "D:\Embedded
#        Systems\lifi\Debug\List\LIFIv1.map" --config "C:\Program Files\IAR
#        Systems\Embedded Workbench
#        9.1\arm/config/linker/TexasInstruments/TM4C123GH6.icf" --semihosting
#        --entry __iar_program_start --vfe --text_out locale --cpu=Cortex-M4
#        --fpu=VFPv4_sp)
#
###############################################################################

*******************************************************************************
*** RUNTIME MODEL ATTRIBUTES
***

CppFlavor       = *
__CPP_Runtime   = 1
__SystemLibrary = DLib
__dlib_version  = 6


*******************************************************************************
*** HEAP SELECTION
***

The basic heap was selected because --advanced_heap
was not specified and the application did not appear to
be primarily optimized for speed.


*******************************************************************************
*** PLACEMENT SUMMARY
***

"A0":  place at address 0x0 { ro section .intvec };
"P1":  place in [from 0x0 to 0x3'ffff] { ro };
define block CSTACK with size = 4K, alignment = 8 { };
define block HEAP with size = 8K, alignment = 8 { };
"P2":  place in [from 0x2000'0000 to 0x2000'7fff] {
          rw, block CSTACK, block HEAP };
initialize by copy { rw };

  Section            Kind         Address    Size  Object
  -------            ----         -------    ----  ------
"A0":                                        0x40
  .intvec            ro code          0x0    0x40  vector_table_M.o [4]
                                   - 0x40    0x40

"P1":                                       0x5a8
  .text              ro code         0x40   0x1d2  ultrasonicV1.o [1]
  .text              ro code        0x212    0x2a  copy_init3.o [4]
  .text              ro code        0x23c    0x28  printf.o [2]
  .text              ro code        0x264   0x13c  xprintftiny.o [2]
  .text              ro code        0x3a0    0x36  strlen.o [4]
  .text              ro code        0x3d6     0x2  vectortrap_M.o [4]
  .text              ro code        0x3d8    0x7c  iarttio.o [5]
  .text              ro code        0x454     0x8  XShttio.o [2]
  .text              ro code        0x45c    0x28  data_init.o [4]
  .text              ro code        0x484    0x22  fpinit_M.o [3]
  .text              ro code        0x4a6    0x22  iarwrite.o [5]
  .iar.init_table    const          0x4c8    0x14  - Linker created -
  .text              ro code        0x4dc    0x20  putchar.o [2]
  .text              ro code        0x4fc    0x10  write.o [5]
  .text              ro code        0x50c    0x1e  dwrite.o [5]
  .text              ro code        0x52a    0x20  iarwstd.o [5]
  .text              ro code        0x54c    0x1e  cmain.o [4]
  .text              ro code        0x56a     0x4  low_level_init.o [2]
  .text              ro code        0x56e     0x4  exit.o [2]
  .text              ro code        0x574     0xa  cexit.o [4]
  .text              ro code        0x580    0x14  exit.o [5]
  .text              ro code        0x594    0x1c  cstartup_M.o [4]
  .text              ro code        0x5b0    0x16  xprout.o [2]
  .rodata            const          0x5c8    0x10  ultrasonicV1.o [1]
  Initializer bytes  const          0x5d8    0x10  <for P2-1>
  .rodata            const          0x5e8     0x0  copy_init3.o [4]
                                  - 0x5e8   0x5a8

"P2", part 1 of 2:                           0x10
  P2-1                        0x2000'0000    0x10  <Init block>
    .data            inited   0x2000'0000     0x8  XShttio.o [2]
    .bss             inited   0x2000'0008     0x4  ultrasonicV1.o [1]
    .bss             inited   0x2000'000c     0x4  ultrasonicV1.o [1]
                            - 0x2000'0010    0x10

"P2", part 2 of 2:                         0x1000
  CSTACK                      0x2000'0010  0x1000  <Block>
    CSTACK           uninit   0x2000'0010  0x1000  <Block tail>
                            - 0x2000'1010  0x1000

Unused ranges:

         From           To      Size
         ----           --      ----
        0x5e8     0x3'ffff  0x3'fa18
  0x2000'1010  0x2000'7fff    0x6ff0


*******************************************************************************
*** INIT TABLE
***

          Address      Size
          -------      ----
Copy (__iar_copy_init3)
    1 source range, total size 0x10:
                0x5d8  0x10
    1 destination range, total size 0x10:
          0x2000'0000  0x10



*******************************************************************************
*** MODULE SUMMARY
***

    Module            ro code  ro data  rw data
    ------            -------  -------  -------
command line/config:
    -------------------------------------------
    Total:

D:\Embedded Systems\lifi\Debug\Obj: [1]
    ultrasonicV1.o        466       24        8
    -------------------------------------------
    Total:                466       24        8

dl7M_tln.a: [2]
    XShttio.o               8        8        8
    exit.o                  4
    low_level_init.o        4
    printf.o               40
    putchar.o              32
    xprintftiny.o         316
    xprout.o               22
    -------------------------------------------
    Total:                426        8        8

m7M_tls.a: [3]
    fpinit_M.o             34
    -------------------------------------------
    Total:                 34

rt7M_tl.a: [4]
    cexit.o                10
    cmain.o                30
    copy_init3.o           42
    cstartup_M.o           28
    data_init.o            40
    strlen.o               54
    vector_table_M.o       64
    vectortrap_M.o          2
    -------------------------------------------
    Total:                270

shb_l.a: [5]
    dwrite.o               30
    exit.o                 20
    iarttio.o             124
    iarwrite.o             34
    iarwstd.o              32
    write.o                16
    -------------------------------------------
    Total:                256

    Gaps                    6        2
    Linker created                  20    4'096
-----------------------------------------------
    Grand Total:        1'458       54    4'112


*******************************************************************************
*** ENTRY LIST
***

Entry                       Address   Size  Type      Object
-----                       -------   ----  ----      ------
.iar.init_table$$Base         0x4c8          --   Gb  - Linker created -
.iar.init_table$$Limit        0x4dc          --   Gb  - Linker created -
?main                         0x54d         Code  Gb  cmain.o [4]
BusFault_Handler              0x3d7         Code  Wk  vectortrap_M.o [4]
CSTACK$$Base            0x2000'0010          --   Gb  - Linker created -
CSTACK$$Limit           0x2000'1010          --   Gb  - Linker created -
DebugMon_Handler              0x3d7         Code  Wk  vectortrap_M.o [4]
Delay                         0x1fd   0x16  Code  Gb  ultrasonicV1.o [1]
Delay_MicroSecond             0x14d   0x48  Code  Gb  ultrasonicV1.o [1]
HardFault_Handler             0x3d7         Code  Wk  vectortrap_M.o [4]
Measure_distance               0x73   0x52  Code  Gb  ultrasonicV1.o [1]
MemManage_Handler             0x3d7         Code  Wk  vectortrap_M.o [4]
NMI_Handler                   0x3d7         Code  Wk  vectortrap_M.o [4]
PendSV_Handler                0x3d7         Code  Wk  vectortrap_M.o [4]
Region$$Table$$Base           0x4c8          --   Gb  - Linker created -
Region$$Table$$Limit          0x4dc          --   Gb  - Linker created -
SVC_Handler                   0x3d7         Code  Wk  vectortrap_M.o [4]
SysTick_Handler               0x3d7         Code  Wk  vectortrap_M.o [4]
Timer0ACapture_init            0xc5   0x88  Code  Gb  ultrasonicV1.o [1]
UsageFault_Handler            0x3d7         Code  Wk  vectortrap_M.o [4]
_PrintfTiny                   0x27d  0x124  Code  Gb  xprintftiny.o [2]
_Prout                        0x5b1   0x16  Code  Gb  xprout.o [2]
__cmain                       0x54d         Code  Gb  cmain.o [4]
__dwrite                      0x50d   0x1e  Code  Gb  dwrite.o [5]
__exit                        0x581   0x14  Code  Gb  exit.o [5]
__iar_close_ttio              0x3d9   0x2c  Code  Gb  iarttio.o [5]
__iar_copy_init3              0x213   0x2a  Code  Gb  copy_init3.o [4]
__iar_data_init3              0x45d   0x28  Code  Gb  data_init.o [4]
__iar_get_ttio                0x405   0x4c  Code  Gb  iarttio.o [5]
__iar_init_vfp                0x485         Code  Gb  fpinit_M.o [3]
__iar_lookup_ttioh            0x455    0x8  Code  Gb  XShttio.o [2]
__iar_program_start           0x595         Code  Gb  cstartup_M.o [4]
__iar_sh_stdout               0x52b   0x20  Code  Gb  iarwstd.o [5]
__iar_sh_write                0x4a7   0x22  Code  Gb  iarwrite.o [5]
__iar_ttio_handles      0x2000'0000    0x8  Data  Lc  XShttio.o [2]
__low_level_init              0x56b    0x4  Code  Gb  low_level_init.o [2]
__vector_table                  0x0         Data  Gb  vector_table_M.o [4]
__write                       0x4fd   0x10  Code  Gb  write.o [5]
_call_main                    0x559         Code  Gb  cmain.o [4]
_exit                         0x575         Code  Gb  cexit.o [4]
distance                0x2000'000c    0x4  Data  Gb  ultrasonicV1.o [1]
exit                          0x56f    0x4  Code  Gb  exit.o [2]
main                           0x41   0x32  Code  Gb  ultrasonicV1.o [1]
out                           0x265   0x18  Code  Lc  xprintftiny.o [2]
printf                        0x23d   0x28  Code  Gb  printf.o [2]
putchar                       0x4dd   0x20  Code  Gb  putchar.o [2]
strlen                        0x3a1         Code  Gb  strlen.o [4]
time                    0x2000'0008    0x4  Data  Gb  ultrasonicV1.o [1]


[1] = D:\Embedded Systems\lifi\Debug\Obj
[2] = dl7M_tln.a
[3] = m7M_tls.a
[4] = rt7M_tl.a
[5] = shb_l.a

  1'458 bytes of readonly  code memory
     54 bytes of readonly  data memory
  4'112 bytes of readwrite data memory

Errors: none
Warnings: none
